sweep: 240 runs total → results.csv
[1/240] p1 × adamw × lr=0.0001 × seed=0
[2/240] p1 × adamw × lr=0.0001 × seed=1
[3/240] p1 × adamw × lr=0.0001 × seed=2
[4/240] p1 × adamw × lr=0.0003 × seed=0
[5/240] p1 × adamw × lr=0.0003 × seed=1
[6/240] p1 × adamw × lr=0.0003 × seed=2
[7/240] p1 × adamw × lr=0.001 × seed=0
[8/240] p1 × adamw × lr=0.001 × seed=1
[9/240] p1 × adamw × lr=0.001 × seed=2
[10/240] p1 × adamw × lr=0.003 × seed=0
[11/240] p1 × adamw × lr=0.003 × seed=1
[12/240] p1 × adamw × lr=0.003 × seed=2
[13/240] p1 × yogi × lr=0.0001 × seed=0
[14/240] p1 × yogi × lr=0.0001 × seed=1
[15/240] p1 × yogi × lr=0.0001 × seed=2
[16/240] p1 × yogi × lr=0.0003 × seed=0
[17/240] p1 × yogi × lr=0.0003 × seed=1
[18/240] p1 × yogi × lr=0.0003 × seed=2
[19/240] p1 × yogi × lr=0.001 × seed=0
[20/240] p1 × yogi × lr=0.001 × seed=1
[21/240] p1 × yogi × lr=0.001 × seed=2
[22/240] p1 × yogi × lr=0.003 × seed=0
[23/240] p1 × yogi × lr=0.003 × seed=1
[24/240] p1 × yogi × lr=0.003 × seed=2
[25/240] p1 × lion × lr=1e-05 × seed=0
[26/240] p1 × lion × lr=1e-05 × seed=1
[27/240] p1 × lion × lr=1e-05 × seed=2
[28/240] p1 × lion × lr=3e-05 × seed=0
[29/240] p1 × lion × lr=3e-05 × seed=1
[30/240] p1 × lion × lr=3e-05 × seed=2
[31/240] p1 × lion × lr=0.0001 × seed=0
[32/240] p1 × lion × lr=0.0001 × seed=1
[33/240] p1 × lion × lr=0.0001 × seed=2
[34/240] p1 × lion × lr=0.0003 × seed=0
[35/240] p1 × lion × lr=0.0003 × seed=1
[36/240] p1 × lion × lr=0.0003 × seed=2
[37/240] p1 × liger × lr=1e-05 × seed=0
[38/240] p1 × liger × lr=1e-05 × seed=1
[39/240] p1 × liger × lr=1e-05 × seed=2
[40/240] p1 × liger × lr=3e-05 × seed=0
[41/240] p1 × liger × lr=3e-05 × seed=1
[42/240] p1 × liger × lr=3e-05 × seed=2
[43/240] p1 × liger × lr=0.0001 × seed=0
[44/240] p1 × liger × lr=0.0001 × seed=1
[45/240] p1 × liger × lr=0.0001 × seed=2
[46/240] p1 × liger × lr=0.0003 × seed=0
[47/240] p1 × liger × lr=0.0003 × seed=1
[48/240] p1 × liger × lr=0.0003 × seed=2
[49/240] p2 × adamw × lr=0.0001 × seed=0
[50/240] p2 × adamw × lr=0.0001 × seed=1
[51/240] p2 × adamw × lr=0.0001 × seed=2
[52/240] p2 × adamw × lr=0.0003 × seed=0
[53/240] p2 × adamw × lr=0.0003 × seed=1
[54/240] p2 × adamw × lr=0.0003 × seed=2
[55/240] p2 × adamw × lr=0.001 × seed=0
[56/240] p2 × adamw × lr=0.001 × seed=1
[57/240] p2 × adamw × lr=0.001 × seed=2
[58/240] p2 × adamw × lr=0.003 × seed=0
[59/240] p2 × adamw × lr=0.003 × seed=1
[60/240] p2 × adamw × lr=0.003 × seed=2
[61/240] p2 × yogi × lr=0.0001 × seed=0
[62/240] p2 × yogi × lr=0.0001 × seed=1
[63/240] p2 × yogi × lr=0.0001 × seed=2
[64/240] p2 × yogi × lr=0.0003 × seed=0
[65/240] p2 × yogi × lr=0.0003 × seed=1
[66/240] p2 × yogi × lr=0.0003 × seed=2
[67/240] p2 × yogi × lr=0.001 × seed=0
[68/240] p2 × yogi × lr=0.001 × seed=1
[69/240] p2 × yogi × lr=0.001 × seed=2
[70/240] p2 × yogi × lr=0.003 × seed=0
[71/240] p2 × yogi × lr=0.003 × seed=1
[72/240] p2 × yogi × lr=0.003 × seed=2
[73/240] p2 × lion × lr=1e-05 × seed=0
[74/240] p2 × lion × lr=1e-05 × seed=1
[75/240] p2 × lion × lr=1e-05 × seed=2
[76/240] p2 × lion × lr=3e-05 × seed=0
[77/240] p2 × lion × lr=3e-05 × seed=1
[78/240] p2 × lion × lr=3e-05 × seed=2
[79/240] p2 × lion × lr=0.0001 × seed=0
[80/240] p2 × lion × lr=0.0001 × seed=1
[81/240] p2 × lion × lr=0.0001 × seed=2
[82/240] p2 × lion × lr=0.0003 × seed=0
[83/240] p2 × lion × lr=0.0003 × seed=1
[84/240] p2 × lion × lr=0.0003 × seed=2
[85/240] p2 × liger × lr=1e-05 × seed=0
[86/240] p2 × liger × lr=1e-05 × seed=1
[87/240] p2 × liger × lr=1e-05 × seed=2
[88/240] p2 × liger × lr=3e-05 × seed=0
[89/240] p2 × liger × lr=3e-05 × seed=1
[90/240] p2 × liger × lr=3e-05 × seed=2
[91/240] p2 × liger × lr=0.0001 × seed=0
[92/240] p2 × liger × lr=0.0001 × seed=1
[93/240] p2 × liger × lr=0.0001 × seed=2
[94/240] p2 × liger × lr=0.0003 × seed=0
[95/240] p2 × liger × lr=0.0003 × seed=1
[96/240] p2 × liger × lr=0.0003 × seed=2
[97/240] p3 × adamw × lr=0.0001 × seed=0
[98/240] p3 × adamw × lr=0.0001 × seed=1
[99/240] p3 × adamw × lr=0.0001 × seed=2
[100/240] p3 × adamw × lr=0.0003 × seed=0
[101/240] p3 × adamw × lr=0.0003 × seed=1
[102/240] p3 × adamw × lr=0.0003 × seed=2
[103/240] p3 × adamw × lr=0.001 × seed=0
[104/240] p3 × adamw × lr=0.001 × seed=1
[105/240] p3 × adamw × lr=0.001 × seed=2
[106/240] p3 × adamw × lr=0.003 × seed=0
[107/240] p3 × adamw × lr=0.003 × seed=1
[108/240] p3 × adamw × lr=0.003 × seed=2
[109/240] p3 × yogi × lr=0.0001 × seed=0
[110/240] p3 × yogi × lr=0.0001 × seed=1
[111/240] p3 × yogi × lr=0.0001 × seed=2
[112/240] p3 × yogi × lr=0.0003 × seed=0
[113/240] p3 × yogi × lr=0.0003 × seed=1
[114/240] p3 × yogi × lr=0.0003 × seed=2
[115/240] p3 × yogi × lr=0.001 × seed=0
[116/240] p3 × yogi × lr=0.001 × seed=1
[117/240] p3 × yogi × lr=0.001 × seed=2
[118/240] p3 × yogi × lr=0.003 × seed=0
[119/240] p3 × yogi × lr=0.003 × seed=1
[120/240] p3 × yogi × lr=0.003 × seed=2
[121/240] p3 × lion × lr=1e-05 × seed=0
[122/240] p3 × lion × lr=1e-05 × seed=1
[123/240] p3 × lion × lr=1e-05 × seed=2
[124/240] p3 × lion × lr=3e-05 × seed=0
[125/240] p3 × lion × lr=3e-05 × seed=1
[126/240] p3 × lion × lr=3e-05 × seed=2
[127/240] p3 × lion × lr=0.0001 × seed=0
[128/240] p3 × lion × lr=0.0001 × seed=1
[129/240] p3 × lion × lr=0.0001 × seed=2
[130/240] p3 × lion × lr=0.0003 × seed=0
[131/240] p3 × lion × lr=0.0003 × seed=1
[132/240] p3 × lion × lr=0.0003 × seed=2
[133/240] p3 × liger × lr=1e-05 × seed=0
[134/240] p3 × liger × lr=1e-05 × seed=1
[135/240] p3 × liger × lr=1e-05 × seed=2
[136/240] p3 × liger × lr=3e-05 × seed=0
[137/240] p3 × liger × lr=3e-05 × seed=1
[138/240] p3 × liger × lr=3e-05 × seed=2
[139/240] p3 × liger × lr=0.0001 × seed=0
[140/240] p3 × liger × lr=0.0001 × seed=1
[141/240] p3 × liger × lr=0.0001 × seed=2
[142/240] p3 × liger × lr=0.0003 × seed=0
[143/240] p3 × liger × lr=0.0003 × seed=1
[144/240] p3 × liger × lr=0.0003 × seed=2
[145/240] p4 × adamw × lr=0.0001 × seed=0
[146/240] p4 × adamw × lr=0.0001 × seed=1
[147/240] p4 × adamw × lr=0.0001 × seed=2
[148/240] p4 × adamw × lr=0.0003 × seed=0
[149/240] p4 × adamw × lr=0.0003 × seed=1
[150/240] p4 × adamw × lr=0.0003 × seed=2
[151/240] p4 × adamw × lr=0.001 × seed=0
[152/240] p4 × adamw × lr=0.001 × seed=1
[153/240] p4 × adamw × lr=0.001 × seed=2
[154/240] p4 × adamw × lr=0.003 × seed=0
[155/240] p4 × adamw × lr=0.003 × seed=1
[156/240] p4 × adamw × lr=0.003 × seed=2
[157/240] p4 × yogi × lr=0.0001 × seed=0
[158/240] p4 × yogi × lr=0.0001 × seed=1
[159/240] p4 × yogi × lr=0.0001 × seed=2
[160/240] p4 × yogi × lr=0.0003 × seed=0
[161/240] p4 × yogi × lr=0.0003 × seed=1
[162/240] p4 × yogi × lr=0.0003 × seed=2
[163/240] p4 × yogi × lr=0.001 × seed=0
[164/240] p4 × yogi × lr=0.001 × seed=1
[165/240] p4 × yogi × lr=0.001 × seed=2
[166/240] p4 × yogi × lr=0.003 × seed=0
[167/240] p4 × yogi × lr=0.003 × seed=1
[168/240] p4 × yogi × lr=0.003 × seed=2
[169/240] p4 × lion × lr=1e-05 × seed=0
[170/240] p4 × lion × lr=1e-05 × seed=1
[171/240] p4 × lion × lr=1e-05 × seed=2
[172/240] p4 × lion × lr=3e-05 × seed=0
[173/240] p4 × lion × lr=3e-05 × seed=1
[174/240] p4 × lion × lr=3e-05 × seed=2
[175/240] p4 × lion × lr=0.0001 × seed=0
[176/240] p4 × lion × lr=0.0001 × seed=1
[177/240] p4 × lion × lr=0.0001 × seed=2
[178/240] p4 × lion × lr=0.0003 × seed=0
[179/240] p4 × lion × lr=0.0003 × seed=1
[180/240] p4 × lion × lr=0.0003 × seed=2
[181/240] p4 × liger × lr=1e-05 × seed=0
[182/240] p4 × liger × lr=1e-05 × seed=1
[183/240] p4 × liger × lr=1e-05 × seed=2
[184/240] p4 × liger × lr=3e-05 × seed=0
[185/240] p4 × liger × lr=3e-05 × seed=1
[186/240] p4 × liger × lr=3e-05 × seed=2
[187/240] p4 × liger × lr=0.0001 × seed=0
[188/240] p4 × liger × lr=0.0001 × seed=1
[189/240] p4 × liger × lr=0.0001 × seed=2
[190/240] p4 × liger × lr=0.0003 × seed=0
[191/240] p4 × liger × lr=0.0003 × seed=1
[192/240] p4 × liger × lr=0.0003 × seed=2
[193/240] p5 × adamw × lr=0.0001 × seed=0
[194/240] p5 × adamw × lr=0.0001 × seed=1
[195/240] p5 × adamw × lr=0.0001 × seed=2
[196/240] p5 × adamw × lr=0.0003 × seed=0
[197/240] p5 × adamw × lr=0.0003 × seed=1
[198/240] p5 × adamw × lr=0.0003 × seed=2
[199/240] p5 × adamw × lr=0.001 × seed=0
[200/240] p5 × adamw × lr=0.001 × seed=1
[201/240] p5 × adamw × lr=0.001 × seed=2
[202/240] p5 × adamw × lr=0.003 × seed=0
[203/240] p5 × adamw × lr=0.003 × seed=1
[204/240] p5 × adamw × lr=0.003 × seed=2
[205/240] p5 × yogi × lr=0.0001 × seed=0
[206/240] p5 × yogi × lr=0.0001 × seed=1
[207/240] p5 × yogi × lr=0.0001 × seed=2
[208/240] p5 × yogi × lr=0.0003 × seed=0
[209/240] p5 × yogi × lr=0.0003 × seed=1
[210/240] p5 × yogi × lr=0.0003 × seed=2
[211/240] p5 × yogi × lr=0.001 × seed=0
[212/240] p5 × yogi × lr=0.001 × seed=1
[213/240] p5 × yogi × lr=0.001 × seed=2
[214/240] p5 × yogi × lr=0.003 × seed=0
[215/240] p5 × yogi × lr=0.003 × seed=1
[216/240] p5 × yogi × lr=0.003 × seed=2
[217/240] p5 × lion × lr=1e-05 × seed=0
[218/240] p5 × lion × lr=1e-05 × seed=1
[219/240] p5 × lion × lr=1e-05 × seed=2
[220/240] p5 × lion × lr=3e-05 × seed=0
[221/240] p5 × lion × lr=3e-05 × seed=1
[222/240] p5 × lion × lr=3e-05 × seed=2
[223/240] p5 × lion × lr=0.0001 × seed=0
[224/240] p5 × lion × lr=0.0001 × seed=1
[225/240] p5 × lion × lr=0.0001 × seed=2
[226/240] p5 × lion × lr=0.0003 × seed=0
[227/240] p5 × lion × lr=0.0003 × seed=1
[228/240] p5 × lion × lr=0.0003 × seed=2
[229/240] p5 × liger × lr=1e-05 × seed=0
[230/240] p5 × liger × lr=1e-05 × seed=1
[231/240] p5 × liger × lr=1e-05 × seed=2
[232/240] p5 × liger × lr=3e-05 × seed=0
[233/240] p5 × liger × lr=3e-05 × seed=1
[234/240] p5 × liger × lr=3e-05 × seed=2
[235/240] p5 × liger × lr=0.0001 × seed=0
[236/240] p5 × liger × lr=0.0001 × seed=1
[237/240] p5 × liger × lr=0.0001 × seed=2
[238/240] p5 × liger × lr=0.0003 × seed=0
[239/240] p5 × liger × lr=0.0003 × seed=1
[240/240] p5 × liger × lr=0.0003 × seed=2
